warning: integer-to-pointer cast
  --> $DIR/box.rs:LL:CC
   |
LL |         let r2 = ((r as usize) + 0) as *mut i32;
   |                  ^^^^^^^^^^^^^^^^^^^^^^^^^^^^^^ integer-to-pointer cast
   |
   = help: this program is using integer-to-pointer casts or (equivalently) `ptr::with_exposed_provenance`, which means that Miri might miss pointer bugs in this program
   = help: see https://doc.rust-lang.org/nightly/std/ptr/fn.with_exposed_provenance.html for more details on that operation
   = help: to ensure that Miri does not miss bugs in your program, use Strict Provenance APIs (https://doc.rust-lang.org/nightly/std/ptr/index.html#strict-provenance, https://crates.io/crates/sptr) instead
   = help: you can then set `MIRIFLAGS=-Zmiri-strict-provenance` to ensure you are not relying on `with_exposed_provenance` semantics
   = help: alternatively, `MIRIFLAGS=-Zmiri-permissive-provenance` disables this warning
   = note: BACKTRACE:
   = note: inside `into_raw` at $DIR/box.rs:LL:CC
note: inside `main`
  --> $DIR/box.rs:LL:CC
   |
LL |     into_raw();
   |     ^^^^^^^^^^

warning: integer-to-pointer cast
  --> $DIR/box.rs:LL:CC
   |
LL |         let r = ((u.as_ptr() as usize) + 0) as *mut i32;
   |                 ^^^^^^^^^^^^^^^^^^^^^^^^^^^^^^^^^^^^^^^ integer-to-pointer cast
   |
   = note: BACKTRACE:
   = note: inside `into_unique` at $DIR/box.rs:LL:CC
note: inside `main`
  --> $DIR/box.rs:LL:CC
   |
LL |     into_unique();
   |     ^^^^^^^^^^^^^

